# this is a test git commit